8
[-1,-1]
[1,-1]
[3,-1]
[4,2]
[3,3]
[-1,4]
[-2,3]
[-3,2]