9
[0,-4]
[5,-4]
[8,2]
[8,5]
[5,8]
[-2,10]
[-6,4]
[-6,1]
[-5,-2]